⚠ [8667/8720] Replayed Sarkozy.OddOrder
warning: Sarkozy/OddOrder.lean:33:22: Used `tac1 <;> tac2` where `(tac1; tac2)` would suffice

Note: This linter can be disabled with `set_option linter.unnecessarySeqFocus false`
⚠ [8668/8720] Replayed Sarkozy.PrimeChains
warning: Sarkozy/PrimeChains.lean:55:42: Variable name `hp` is not explicitly referenced.

The binding can be removed (if unused) or named `_` (if used implicitly).

Note: This linter can be disabled with `set_option linter.unusedVariables false`
⚠ [8674/8720] Replayed Sarkozy.OddData
warning: Sarkozy/OddData.lean:56:10: try 'simp' instead of 'simpa'

Note: This linter can be disabled with `set_option linter.unnecessarySimpa false`
warning: Sarkozy/OddData.lean:56:34: try 'simp' instead of 'simpa'

Note: This linter can be disabled with `set_option linter.unnecessarySimpa false`
⚠ [8675/8720] Replayed Sarkozy.OddOrderCertificate
warning: Sarkozy/OddOrderCertificate.lean:109:10: try 'simp' instead of 'simpa'

Note: This linter can be disabled with `set_option linter.unnecessarySimpa false`
warning: Sarkozy/OddOrderCertificate.lean:109:34: try 'simp' instead of 'simpa'

Note: This linter can be disabled with `set_option linter.unnecessarySimpa false`
✔ [8677/8720] Built Sarkozy.OddOrderChunkLemma (4.4s)
✔ [8678/8720] Built Sarkozy.OddOrderData215 (115s)
✔ [8679/8720] Built Sarkozy.OddOrderBase215 (7.7s)
✔ [8680/8720] Built Sarkozy.OddOrderChunks215.Chunk00 (8.8s)
✔ [8681/8720] Built Sarkozy.OddOrderChunks215.Chunk01 (9.2s)
