Challenge	exit 0	4.8s
Sarkozy	exit 143	64.0s
Sarkozy.ActualOddTarget	exit 0	44.9s
Sarkozy.Asymptotic	exit 0	4.6s
Sarkozy.Binary	exit 0	4.7s
Sarkozy.BinaryData	exit 0	5.2s
Sarkozy.BinaryDepth	exit 0	5.7s
Sarkozy.BinaryGrowth	exit 0	4.6s
Sarkozy.BinaryPolicy	exit 0	4.6s
Sarkozy.BinaryRealData	exit 0	5.6s
Sarkozy.BinaryRows	exit 0	6.1s
Sarkozy.CRT	exit 0	4.5s
Sarkozy.Certificate	exit 0	4.5s
Sarkozy.ChainMoments	exit 0	13.0s
Sarkozy.Examples	exit 0	4.5s
Sarkozy.FastPowerCertificate	exit 0	4.5s
Sarkozy.FiniteAlphabets	exit 0	4.5s
Sarkozy.FullTarget	exit 0	4.7s
Sarkozy.Growth	exit 0	4.6s
Sarkozy.Intervals	exit 0	4.6s
Sarkozy.Moment	exit 0	4.6s
Sarkozy.Odd215Certificate	exit 0	11.6s
Sarkozy.Odd215Moment	exit 0	16.5s
Sarkozy.Odd215MomentData	exit 0	9.4s
Sarkozy.Odd215Threshold	exit 0	5.4s
Sarkozy.Odd437Certificate	exit 0	4.5s
Sarkozy.Odd437Moment	exit 0	10.1s
Sarkozy.Odd437MomentChecker	exit 0	4.5s
Sarkozy.Odd437MomentChunks.Chunk000	exit 0	6.5s
Sarkozy.Odd437MomentChunks.Chunk001	exit 0	6.4s
Sarkozy.Odd437MomentChunks.Chunk002	exit 0	6.4s
Sarkozy.Odd437MomentChunks.Chunk003	exit 0	5.0s
Sarkozy.Odd437MomentData	exit 0	4.5s
Sarkozy.Odd437Threshold	exit 0	5.4s
Sarkozy.Odd437WidthHistogram	exit 0	10.0s
Sarkozy.OddCertificate	exit 0	4.5s
Sarkozy.OddData	exit 0	4.6s
Sarkozy.OddData215	exit 0	5.4s
Sarkozy.OddData437	exit 0	5.1s
Sarkozy.OddEndpointCheck	exit 0	4.5s
Sarkozy.OddFiniteCertificate	exit 0	4.5s
Sarkozy.OddKernelSort	exit 0	2.9s
Sarkozy.OddLift	exit 0	4.6s
Sarkozy.OddMoments	exit 0	4.5s
Sarkozy.OddOrder	exit 0	4.5s
Sarkozy.OddOrder215	exit 0	4.5s
Sarkozy.OddOrder437	exit 0	4.5s
Sarkozy.OddOrderBase215	exit 0	5.4s
Sarkozy.OddOrderBase437	exit 0	5.2s
Sarkozy.OddOrderCertificate	exit 0	4.6s
Sarkozy.OddOrderChecks215	exit 0	4.6s
Sarkozy.OddOrderChecks437	exit 0	4.5s
Sarkozy.OddOrderChunkLemma	exit 0	4.6s
Sarkozy.OddOrderChunks215.Chunk00	exit 0	7.1s
Sarkozy.OddOrderChunks215.Chunk01	exit 0	7.2s
Sarkozy.OddOrderChunks215.Chunk02	exit 0	7.1s
Sarkozy.OddOrderChunks215.Chunk03	exit 0	7.1s
Sarkozy.OddOrderChunks215.Chunk04	exit 0	7.2s
Sarkozy.OddOrderChunks215.Chunk05	exit 0	7.1s
Sarkozy.OddOrderChunks215.Chunk06	exit 0	7.2s
Sarkozy.OddOrderChunks215.Chunk07	exit 0	7.1s
Sarkozy.OddOrderChunks215.Chunk08	exit 0	7.2s
Sarkozy.OddOrderChunks215.Chunk09	exit 0	7.2s
Sarkozy.OddOrderChunks215.Chunk10	exit 0	7.2s
Sarkozy.OddOrderChunks215.Chunk11	exit 0	7.1s
Sarkozy.OddOrderChunks215.Chunk12	exit 0	7.2s
Sarkozy.OddOrderChunks215.Chunk13	exit 0	7.3s
Sarkozy.OddOrderChunks215.Chunk14	exit 0	7.1s
Sarkozy.OddOrderChunks215.Chunk15	exit 0	7.3s
Sarkozy.OddOrderChunks215.Chunk16	exit 0	7.2s
Sarkozy.OddOrderChunks215.Chunk17	exit 0	7.2s
Sarkozy.OddOrderChunks215.Chunk18	exit 0	7.3s
Sarkozy.OddOrderChunks215.Chunk19	exit 0	7.1s
Sarkozy.OddOrderChunks215.Chunk20	exit 0	7.2s
Sarkozy.OddOrderChunks215.Chunk21	exit 0	7.0s
Sarkozy.OddOrderChunks215.Chunk22	exit 0	7.3s
Sarkozy.OddOrderChunks215.Chunk23	exit 0	7.1s
Sarkozy.OddOrderChunks215.Chunk24	exit 0	7.3s
Sarkozy.OddOrderChunks215.Chunk25	exit 0	7.2s
Sarkozy.OddOrderChunks215.Chunk26	exit 0	7.3s
Sarkozy.OddOrderChunks215.Chunk27	exit 0	7.4s
Sarkozy.OddOrderChunks215.Chunk28	exit 0	7.3s
Sarkozy.OddOrderChunks215.Chunk29	exit 0	7.5s
Sarkozy.OddOrderChunks215.Chunk30	exit 0	7.5s
Sarkozy.OddOrderChunks215.Chunk31	exit 0	7.5s
Sarkozy.OddOrderChunks215.Chunk32	exit 0	7.5s
Sarkozy.OddOrderChunks215.Chunk33	exit 0	7.4s
Sarkozy.OddOrderChunks215.Chunk34	exit 0	7.5s
Sarkozy.OddOrderChunks215.Chunk35	exit 0	7.4s
Sarkozy.OddOrderChunks215.Chunk36	exit 0	7.2s
Sarkozy.OddOrderChunks215.Chunk37	exit 0	7.4s
Sarkozy.OddOrderChunks215.Chunk38	exit 0	5.9s
Sarkozy.OddOrderChunks437.Chunk00	exit 0	13.6s
Sarkozy.OddOrderChunks437.Chunk01	exit 0	13.7s
Sarkozy.OddOrderChunks437.Chunk02	exit 0	15.0s
Sarkozy.OddOrderChunks437.Chunk03	exit 0	11.0s
Sarkozy.OddOrderData215	exit 0	4.7s
Sarkozy.OddOrderData437	exit 0	4.6s
Sarkozy.OddOrderEndpoints437	exit 0	4.8s
Sarkozy.OddOrderFast	exit 0	4.5s
Sarkozy.OddTarget	exit 0	4.5s
Sarkozy.OneOddTarget	exit 0	4.6s
Sarkozy.Parameters	exit 0	4.5s
Sarkozy.PowerChecker	exit 0	4.6s
Sarkozy.PowerPolynomial	exit 0	4.6s
Sarkozy.PrimeChains	exit 0	4.9s
Sarkozy.QuantitativeExamples	exit 0	4.5s
Sarkozy.Ranked	exit 0	4.5s
Sarkozy.RecordBinaryTarget	exit 0	4.7s
Sarkozy.RecordTarget	exit 0	4.6s
Sarkozy.ReducedTarget	exit 0	4.5s
Sarkozy.Stopping	exit 0	4.6s
Sarkozy.Target	exit 0	4.5s
Sarkozy.TwoOddTarget	exit 0	4.5s
Sarkozy.Words	exit 0	4.6s
Solution	exit 0	4.5s
