'Sarkozy.reverseRank_realization' depends on axioms: [propext, Classical.choice, Quot.sound]
'Sarkozy.crt_reverseRank_realization' depends on axioms: [propext, Classical.choice, Quot.sound]
'Sarkozy.two_four_squareDifferenceFree' depends on axioms: [propext, Classical.choice, Quot.sound]
'Sarkozy.six_elements_in_eighty_four' depends on axioms: [propext, Classical.choice, Quot.sound]
'Sarkozy.ranked_word_realization' depends on axioms: [propext, Classical.choice, Quot.sound]
'Sarkozy.geometric_family_exponent' depends on axioms: [propext, Classical.choice, Quot.sound]
'Sarkozy.stopping_selection' depends on axioms: [propext, Classical.choice, Quot.sound]
'Sarkozy.interval_moment_exponent' depends on axioms: [propext, Classical.choice, Quot.sound]
'Sarkozy.componentPowers_surplus' depends on axioms: [propext, Classical.choice, Quot.sound]
'Sarkozy.target_exponent_of_interval_certificates' depends on axioms: [propext, Classical.choice, Quot.sound]
'Sarkozy.exponent_three_fifths' depends on axioms: [propext, Classical.choice, Quot.sound]
'SarkozySubmission.interval_moment_bound' depends on axioms: [propext, Classical.choice, Quot.sound]
'Sarkozy.exists_uniform_width_bounds' depends on axioms: [propext, Classical.choice, Quot.sound]
'Sarkozy.concretePrime_certified_moment' depends on axioms: [propext, Classical.choice, Quot.sound]
'Sarkozy.odd_prime_interval_lift' depends on axioms: [propext, Classical.choice, Quot.sound]
'Sarkozy.BinaryData.geometry_verified' depends on axioms: [propext, Classical.choice, Quot.sound]
'Sarkozy.RecordBinary.policy_valid' depends on axioms: [propext, Classical.choice, Quot.sound]
'Sarkozy.BinaryAlphabet.family_fits' depends on axioms: [propext, Classical.choice, Quot.sound]
'Sarkozy.BinaryAlphabet.root_interval_certificate' depends on axioms: [propext, Classical.choice, Quot.sound]
'Sarkozy.RecordBinary.interval_certificate' depends on axioms: [propext, Classical.choice, Quot.sound]
'Sarkozy.target_exponent_of_three_interval_certificates' depends on axioms: [propext, Classical.choice, Quot.sound]
'Sarkozy.target_exponent_of_odd_low_supports' depends on axioms: [propext, Classical.choice, Quot.sound]
'Sarkozy.record_exponent_of_finite_checks' depends on axioms: [propext, Classical.choice, Quot.sound]
'Sarkozy.RecordBinary.depth_condition' depends on axioms: [propext, Classical.choice, Quot.sound]
'Sarkozy.RecordBinary.rows_verified' depends on axioms: [propext, Classical.choice, Quot.sound]
'Sarkozy.record_binary_interval_certificate' depends on axioms: [propext, Classical.choice, Quot.sound]
'Sarkozy.target_exponent_of_two_odd_interval_certificates' depends on axioms: [propext, Classical.choice, Quot.sound]
'Sarkozy.primeLowFinite_iff' depends on axioms: [propext, Classical.choice, Quot.sound]
'Sarkozy.record_odd_finite_certificate' depends on axioms: [propext, Classical.choice, Quot.sound]
'Sarkozy.Odd215.rows_size' does not depend on any axioms
'Sarkozy.Odd215.rows_valid' does not depend on any axioms
'Sarkozy.Odd215.point_injective' depends on axioms: [propext, Classical.choice, Quot.sound]
'Sarkozy.record_exponent_of_actual_odd_checks' depends on axioms: [propext, Classical.choice, Quot.sound]
'Sarkozy.Odd437.rows_size' does not depend on any axioms
'Sarkozy.Odd437.rows_valid' does not depend on any axioms
'Sarkozy.Odd437.rows_sorted' does not depend on any axioms
'Sarkozy.Odd437.point_injective' depends on axioms: [propext, Classical.choice, Quot.sound]
'Sarkozy.Odd437.endpoint_bound' depends on axioms: [propext, Quot.sound]
'Sarkozy.Odd437.moment_threshold' depends on axioms: [propext, Classical.choice, Quot.sound]
'Sarkozy.PowerChecker.sound' depends on axioms: [propext, Classical.choice, Quot.sound]
'Sarkozy.PowerPolynomial.log_comparison_of_nat' depends on axioms: [propext, Classical.choice, Quot.sound]
'Sarkozy.OddMoments.indexed_width_moment_eq_histogram' depends on axioms: [propext, Classical.choice, Quot.sound]
'Sarkozy.OddOrder.predecessors_sound' depends on axioms: [propext, Quot.sound]
'Sarkozy.OddOrder.interval_order_of_checked_rows' depends on axioms: [propext, Classical.choice, Quot.sound]
'Sarkozy.OddOrder215.sources_checked' depends on axioms: [propext, Classical.choice, Quot.sound]
'Sarkozy.OddOrder215.targets_checked' depends on axioms: [propext, Classical.choice, Quot.sound]
'Sarkozy.OddOrder215.low_order' depends on axioms: [propext, Classical.choice, Quot.sound]
'Sarkozy.OddOrder215.point_injective' depends on axioms: [propext, Classical.choice, Quot.sound]
'Sarkozy.Odd215.moment_entries_checked' depends on axioms: [propext]
'Sarkozy.Odd215.moment_histogram_lower_bound' depends on axioms: [propext, Classical.choice, Quot.sound]
'Sarkozy.Odd215.target_moment' depends on axioms: [propext, Classical.choice, Quot.sound]
'Sarkozy.OddOrder215.widths_match_histogram' depends on axioms: [propext]
'Sarkozy.OddOrder215.target_moment' depends on axioms: [propext, Classical.choice, Quot.sound]
'Sarkozy.OddOrder215.interval_certificate' depends on axioms: [propext, Classical.choice, Quot.sound]
'Sarkozy.target_exponent_of_one_odd_interval_certificate' depends on axioms: [propext, Classical.choice, Quot.sound]
'Sarkozy.record_exponent_of_437_checks' depends on axioms: [propext, Classical.choice, Quot.sound]
'Sarkozy.OddKernelSort.perm_of_sort_eq' depends on axioms: [propext]
'Sarkozy.OddOrder.fastTargetCheck_eq' depends on axioms: [propext, Quot.sound]
'Sarkozy.OddOrder.allIndexed_of_blocks' depends on axioms: [propext, Classical.choice, Quot.sound]
'Sarkozy.OddOrder437.sources_checked' depends on axioms: [propext, Classical.choice, Quot.sound]
'Sarkozy.OddOrder437.targets_checked' depends on axioms: [propext, Classical.choice, Quot.sound]
'Sarkozy.OddOrder437.low_order' depends on axioms: [propext, Classical.choice, Quot.sound]
'Sarkozy.OddOrder437.point_injective' depends on axioms: [propext, Classical.choice, Quot.sound]
'Sarkozy.Odd437.moment_histogram_lower_bound' depends on axioms: [propext, Classical.choice, Quot.sound]
'Sarkozy.Odd437.target_moment' depends on axioms: [propext, Classical.choice, Quot.sound]
'Sarkozy.OddOrder437.widths_match_histogram' depends on axioms: [propext, Quot.sound]
'Sarkozy.OddOrder437.target_moment' depends on axioms: [propext, Classical.choice, Quot.sound]
'Sarkozy.OddOrder437.interval_certificate' depends on axioms: [propext, Classical.choice, Quot.sound]
'Sarkozy.record_exponent' depends on axioms: [propext, Classical.choice, Quot.sound]
'SarkozySubmission.improved_bound' depends on axioms: [propext, Classical.choice, Quot.sound]
'Sarkozy.Odd437.moment_entry_lower' depends on axioms: [propext, Classical.choice, Quot.sound]
'Sarkozy.Odd437.moment_blocks_lower' depends on axioms: [propext, Classical.choice, Quot.sound]
'Sarkozy.Odd437.MomentChunk000.lower_bound' depends on axioms: [propext, Classical.choice, Quot.sound]
'Sarkozy.OddOrder.adjacentLE_sound' depends on axioms: [propext]
'Sarkozy.OddOrder437.endpoints_sorted_checked' depends on axioms: [propext]
'Sarkozy.PowerChecker.endpoint_valid_sound' depends on axioms: [propext, Classical.choice, Quot.sound]
