⚠ [8668/8678] Replayed Sarkozy.OddOrder
warning: Sarkozy/OddOrder.lean:33:22: Used `tac1 <;> tac2` where `(tac1; tac2)` would suffice

Note: This linter can be disabled with `set_option linter.unnecessarySeqFocus false`
⚠ [8669/8678] Replayed Sarkozy.PrimeChains
warning: Sarkozy/PrimeChains.lean:55:42: Variable name `hp` is not explicitly referenced.

The binding can be removed (if unused) or named `_` (if used implicitly).

Note: This linter can be disabled with `set_option linter.unusedVariables false`
⚠ [8674/8678] Replayed Sarkozy.OddData
warning: Sarkozy/OddData.lean:56:10: try 'simp' instead of 'simpa'

Note: This linter can be disabled with `set_option linter.unnecessarySimpa false`
warning: Sarkozy/OddData.lean:56:34: try 'simp' instead of 'simpa'

Note: This linter can be disabled with `set_option linter.unnecessarySimpa false`
⚠ [8675/8678] Replayed Sarkozy.OddOrderCertificate
warning: Sarkozy/OddOrderCertificate.lean:109:10: try 'simp' instead of 'simpa'

Note: This linter can be disabled with `set_option linter.unnecessarySimpa false`
warning: Sarkozy/OddOrderCertificate.lean:109:34: try 'simp' instead of 'simpa'

Note: This linter can be disabled with `set_option linter.unnecessarySimpa false`
✔ [8677/8678] Built Sarkozy.OddOrderFast (4.7s)
✔ [8678/8678] Built Sarkozy.OddOrderBase215 (7.9s)
Build completed successfully (8678 jobs).
