replaying Solution with --fresh
	Command being timed: "lake env leanchecker -v --fresh Solution"
	User time (seconds): 2726.57
	System time (seconds): 19.95
	Percent of CPU this job got: 96%
	Elapsed (wall clock) time (h:mm:ss or m:ss): 47:14.39
	Average shared text size (kbytes): 0
	Average unshared data size (kbytes): 0
	Average stack size (kbytes): 0
	Average total size (kbytes): 0
	Maximum resident set size (kbytes): 8893420
	Average resident set size (kbytes): 0
	Major (requiring I/O) page faults: 61808
	Minor (reclaiming a frame) page faults: 3674326
	Voluntary context switches: 112848
	Involuntary context switches: 90123
	Swaps: 0
	File system inputs: 13257504
	File system outputs: 8
	Socket messages sent: 0
	Socket messages received: 0
	Signals delivered: 0
	Page size (bytes): 4096
	Exit status: 0
