'Sarkozy.reverseRank_realization' depends on axioms: [propext, Classical.choice, Quot.sound]
'Sarkozy.crt_reverseRank_realization' depends on axioms: [propext, Classical.choice, Quot.sound]
'SarkozySubmission.finite_construction' depends on axioms: [propext, Classical.choice, Quot.sound]
'Sarkozy.two_four_squareDifferenceFree' depends on axioms: [propext, Classical.choice, Quot.sound]
'Sarkozy.six_elements_in_eighty_four' depends on axioms: [propext, Classical.choice, Quot.sound]
'Sarkozy.ranked_word_realization' depends on axioms: [propext, Classical.choice, Quot.sound]
'Sarkozy.geometric_family_exponent' depends on axioms: [propext, Classical.choice, Quot.sound]
'Sarkozy.stopping_selection' depends on axioms: [propext, Classical.choice, Quot.sound]
'Sarkozy.interval_moment_exponent' depends on axioms: [propext, Classical.choice, Quot.sound]
'Sarkozy.componentPowers_surplus' depends on axioms: [propext, Classical.choice, Quot.sound]
'Sarkozy.target_exponent_of_interval_certificates' depends on axioms: [propext, Classical.choice, Quot.sound]
'SarkozySubmission.conditional_improved_bound' depends on axioms: [propext, Classical.choice, Quot.sound]
'Sarkozy.exponent_three_fifths' depends on axioms: [propext, Classical.choice, Quot.sound]
'SarkozySubmission.interval_moment_bound' depends on axioms: [propext, Classical.choice, Quot.sound]
'SarkozySubmission.unconditional_example' depends on axioms: [propext, Classical.choice, Quot.sound]
'Sarkozy.exists_uniform_width_bounds' depends on axioms: [propext, Classical.choice, Quot.sound]
'Sarkozy.concretePrime_certified_moment' depends on axioms: [propext, Classical.choice, Quot.sound]
'Sarkozy.odd_prime_interval_lift' depends on axioms: [propext, Classical.choice, Quot.sound]
'Sarkozy.BinaryData.geometry_verified' depends on axioms: [propext, Classical.choice, Quot.sound]
'Sarkozy.RecordBinary.policy_valid' depends on axioms: [propext, Classical.choice, Quot.sound]
'Sarkozy.BinaryAlphabet.family_fits' depends on axioms: [propext, Classical.choice, Quot.sound]
'Sarkozy.BinaryAlphabet.root_interval_certificate' depends on axioms: [propext, Classical.choice, Quot.sound]
'Sarkozy.RecordBinary.interval_certificate' depends on axioms: [propext, Classical.choice, Quot.sound]
'Sarkozy.target_exponent_of_three_interval_certificates' depends on axioms: [propext, Classical.choice, Quot.sound]
'Sarkozy.target_exponent_of_odd_low_supports' depends on axioms: [propext, Classical.choice, Quot.sound]
'Sarkozy.record_exponent_of_finite_checks' depends on axioms: [propext, Classical.choice, Quot.sound]
'SarkozySubmission.reduced_improved_bound' depends on axioms: [propext, Classical.choice, Quot.sound]
'Sarkozy.RecordBinary.depth_condition' depends on axioms: [propext, Classical.choice, Quot.sound]
'Sarkozy.RecordBinary.rows_verified' depends on axioms: [propext, Classical.choice, Quot.sound]
'Sarkozy.record_binary_interval_certificate' depends on axioms: [propext, Classical.choice, Quot.sound]
'Sarkozy.target_exponent_of_two_odd_interval_certificates' depends on axioms: [propext, Classical.choice, Quot.sound]
'Sarkozy.primeLowFinite_iff' depends on axioms: [propext, Classical.choice, Quot.sound]
'Sarkozy.record_odd_finite_certificate' depends on axioms: [propext, Classical.choice, Quot.sound]
'Sarkozy.Odd215.rows_size' does not depend on any axioms
'Sarkozy.Odd215.rows_valid' does not depend on any axioms
'Sarkozy.Odd215.point_injective' depends on axioms: [propext, Classical.choice, Quot.sound]
