Building Challenge
⚠ [8655/8656] Replayed Challenge
warning: Challenge.lean:27:8: declaration uses `sorry`
warning: Challenge.lean:51:8: declaration uses `sorry`
Build completed successfully (8656 jobs).
Exporting #[Nat, String, String.mk, Char, Quot, Quot.mk, Quot.lift, Quot.ind, SarkozySubmission.interval_moment_bound, SarkozySubmission.improved_bound, propext, Quot.sound, Classical.choice, Nat.add, Nat.sub, Nat.mul, Nat.pow, Nat.gcd, Nat.div, Nat.mod, Nat.beq, Nat.ble, Nat.land, Nat.lor, Nat.xor, Nat.shiftLeft, Nat.shiftRight, String.ofList, Char.ofNat, List, eagerReduce] from Challenge
Building Solution
⚠ [8670/8795] Replayed Sarkozy.OddOrder
warning: Sarkozy/OddOrder.lean:33:22: Used `tac1 <;> tac2` where `(tac1; tac2)` would suffice

Note: This linter can be disabled with `set_option linter.unnecessarySeqFocus false`
⚠ [8671/8795] Replayed Sarkozy.PrimeChains
warning: Sarkozy/PrimeChains.lean:55:42: Variable name `hp` is not explicitly referenced.

The binding can be removed (if unused) or named `_` (if used implicitly).

Note: This linter can be disabled with `set_option linter.unusedVariables false`
⚠ [8676/8795] Replayed Sarkozy.OddData
warning: Sarkozy/OddData.lean:56:10: try 'simp' instead of 'simpa'

Note: This linter can be disabled with `set_option linter.unnecessarySimpa false`
warning: Sarkozy/OddData.lean:56:34: try 'simp' instead of 'simpa'

Note: This linter can be disabled with `set_option linter.unnecessarySimpa false`
⚠ [8677/8795] Replayed Sarkozy.OddOrderCertificate
warning: Sarkozy/OddOrderCertificate.lean:109:10: try 'simp' instead of 'simpa'

Note: This linter can be disabled with `set_option linter.unnecessarySimpa false`
warning: Sarkozy/OddOrderCertificate.lean:109:34: try 'simp' instead of 'simpa'

Note: This linter can be disabled with `set_option linter.unnecessarySimpa false`
⚠ [8688/8795] Replayed Sarkozy.PowerChecker
warning: Sarkozy/PowerChecker.lean:53:61: Used `tac1 <;> tac2` where `(tac1; tac2)` would suffice

Note: This linter can be disabled with `set_option linter.unnecessarySeqFocus false`
warning: Sarkozy/PowerChecker.lean:77:61: Used `tac1 <;> tac2` where `(tac1; tac2)` would suffice

Note: This linter can be disabled with `set_option linter.unnecessarySeqFocus false`
⚠ [8689/8795] Replayed Sarkozy.PowerPolynomial
warning: Sarkozy/PowerPolynomial.lean:33:24: Used `tac1 <;> tac2` where `(tac1; tac2)` would suffice

Note: This linter can be disabled with `set_option linter.unnecessarySeqFocus false`
warning: Sarkozy/PowerPolynomial.lean:42:28: this tactic is never executed

Note: This linter can be disabled with `set_option linter.unreachableTactic false`
warning: Sarkozy/PowerPolynomial.lean:42:28: 'ring' tactic does nothing

Note: This linter can be disabled with `set_option linter.unusedTactic false`
⚠ [8699/8795] Replayed Sarkozy.OddMoments
warning: Sarkozy/OddMoments.lean:41:2: try 'simp' instead of 'simpa'

Note: This linter can be disabled with `set_option linter.unnecessarySimpa false`
⚠ [8702/8795] Replayed Sarkozy.BinaryRows
warning: Sarkozy/BinaryRows.lean:54:56: Used `tac1 <;> tac2` where `(tac1; tac2)` would suffice

Note: This linter can be disabled with `set_option linter.unnecessarySeqFocus false`
warning: Sarkozy/BinaryRows.lean:59:56: Used `tac1 <;> tac2` where `(tac1; tac2)` would suffice

Note: This linter can be disabled with `set_option linter.unnecessarySeqFocus false`
Build completed successfully (8795 jobs).
